Archive member included because of file (symbol)

c:/winavr/bin/../lib/gcc/avr/4.3.0/avr25\libgcc.a(_mulhi3.o)
                              TVremote.o (__mulhi3)
c:/winavr/bin/../lib/gcc/avr/4.3.0/avr25\libgcc.a(_exit.o)
                              c:/winavr/bin/../lib/gcc/avr/4.3.0/../../../../avr/lib/avr25/crttn25.o (exit)
c:/winavr/bin/../lib/gcc/avr/4.3.0/avr25\libgcc.a(_copy_data.o)
                              TVremote.o (__do_copy_data)
c:/winavr/bin/../lib/gcc/avr/4.3.0/avr25\libgcc.a(_clear_bss.o)
                              TVremote.o (__do_clear_bss)

Memory Configuration

Name             Origin             Length             Attributes
text             0x00000000         0x00002000         xr
data             0x00800060         0x0000ffa0         rw !x
eeprom           0x00810000         0x00010000         rw !x
fuse             0x00820000         0x00000400         rw !x
lock             0x00830000         0x00000400         rw !x
signature        0x00840000         0x00000400         rw !x
*default*        0x00000000         0xffffffff

Linker script and memory map

LOAD c:/winavr/bin/../lib/gcc/avr/4.3.0/../../../../avr/lib/avr25/crttn25.o
LOAD TVremote.o
LOAD c:/winavr/bin/../lib/gcc/avr/4.3.0/avr25\libgcc.a
LOAD c:/winavr/bin/../lib/gcc/avr/4.3.0/../../../../avr/lib/avr25\libc.a
LOAD c:/winavr/bin/../lib/gcc/avr/4.3.0/avr25\libgcc.a

.hash
 *(.hash)

.dynsym
 *(.dynsym)

.dynstr
 *(.dynstr)

.gnu.version
 *(.gnu.version)

.gnu.version_d
 *(.gnu.version_d)

.gnu.version_r
 *(.gnu.version_r)

.rel.init
 *(.rel.init)

.rela.init
 *(.rela.init)

.rel.text
 *(.rel.text)
 *(.rel.text.*)
 *(.rel.gnu.linkonce.t*)

.rela.text
 *(.rela.text)
 *(.rela.text.*)
 *(.rela.gnu.linkonce.t*)

.rel.fini
 *(.rel.fini)

.rela.fini
 *(.rela.fini)

.rel.rodata
 *(.rel.rodata)
 *(.rel.rodata.*)
 *(.rel.gnu.linkonce.r*)

.rela.rodata
 *(.rela.rodata)
 *(.rela.rodata.*)
 *(.rela.gnu.linkonce.r*)

.rel.data
 *(.rel.data)
 *(.rel.data.*)
 *(.rel.gnu.linkonce.d*)

.rela.data
 *(.rela.data)
 *(.rela.data.*)
 *(.rela.gnu.linkonce.d*)

.rel.ctors
 *(.rel.ctors)

.rela.ctors
 *(.rela.ctors)

.rel.dtors
 *(.rel.dtors)

.rela.dtors
 *(.rela.dtors)

.rel.got
 *(.rel.got)

.rela.got
 *(.rela.got)

.rel.bss
 *(.rel.bss)

.rela.bss
 *(.rela.bss)

.rel.plt
 *(.rel.plt)

.rela.plt
 *(.rela.plt)

.text           0x00000000      0x2c2
 *(.vectors)
 .vectors       0x00000000       0x1e c:/winavr/bin/../lib/gcc/avr/4.3.0/../../../../avr/lib/avr25/crttn25.o
                0x00000000                __vectors
                0x00000000                __vector_default
 *(.vectors)
 *(.progmem.gcc*)
 *(.progmem*)
                0x0000001e                . = ALIGN (0x2)
                0x0000001e                __trampolines_start = .
 *(.trampolines)
 .trampolines   0x0000001e        0x0 linker stubs
 *(.trampolines*)
                0x0000001e                __trampolines_end = .
 *(.jumptables)
 *(.jumptables*)
 *(.lowtext)
 *(.lowtext*)
                0x0000001e                __ctors_start = .
 *(.ctors)
                0x0000001e                __ctors_end = .
                0x0000001e                __dtors_start = .
 *(.dtors)
                0x0000001e                __dtors_end = .
 SORT(*)(.ctors)
 SORT(*)(.dtors)
 *(.init0)
 .init0         0x0000001e        0x0 c:/winavr/bin/../lib/gcc/avr/4.3.0/../../../../avr/lib/avr25/crttn25.o
                0x0000001e                __init
 *(.init0)
 *(.init1)
 *(.init1)
 *(.init2)
 .init2         0x0000001e        0x8 c:/winavr/bin/../lib/gcc/avr/4.3.0/../../../../avr/lib/avr25/crttn25.o
 *(.init2)
 *(.init3)
 *(.init3)
 *(.init4)
 .init4         0x00000026       0x16 c:/winavr/bin/../lib/gcc/avr/4.3.0/avr25\libgcc.a(_copy_data.o)
                0x00000026                __do_copy_data
 .init4         0x0000003c       0x10 c:/winavr/bin/../lib/gcc/avr/4.3.0/avr25\libgcc.a(_clear_bss.o)
                0x0000003c                __do_clear_bss
 *(.init4)
 *(.init5)
 *(.init5)
 *(.init6)
 *(.init6)
 *(.init7)
 *(.init7)
 *(.init8)
 *(.init8)
 *(.init9)
 .init9         0x0000004c        0x4 c:/winavr/bin/../lib/gcc/avr/4.3.0/../../../../avr/lib/avr25/crttn25.o
 *(.init9)
 *(.text)
 .text          0x00000050        0x2 c:/winavr/bin/../lib/gcc/avr/4.3.0/../../../../avr/lib/avr25/crttn25.o
                0x00000050                __vector_1
                0x00000050                __vector_12
                0x00000050                __bad_interrupt
                0x00000050                __vector_6
                0x00000050                __vector_3
                0x00000050                __vector_11
                0x00000050                __vector_13
                0x00000050                __vector_7
                0x00000050                __vector_5
                0x00000050                __vector_4
                0x00000050                __vector_9
                0x00000050                __vector_2
                0x00000050                __vector_8
                0x00000050                __vector_14
                0x00000050                __vector_10
 .text          0x00000052      0x248 TVremote.o
                0x000000d8                my_bit_is_set
                0x00000052                on
                0x00000086                sendBurstPair
                0x00000120                sendCode
                0x00000266                main
                0x00000066                count
                0x000000ee                delay
                0x0000005e                off
 .text          0x0000029a        0x0 c:/winavr/bin/../lib/gcc/avr/4.3.0/avr25\libgcc.a(_mulhi3.o)
 .text          0x0000029a        0x0 c:/winavr/bin/../lib/gcc/avr/4.3.0/avr25\libgcc.a(_exit.o)
 .text          0x0000029a        0x0 c:/winavr/bin/../lib/gcc/avr/4.3.0/avr25\libgcc.a(_copy_data.o)
 .text          0x0000029a        0x0 c:/winavr/bin/../lib/gcc/avr/4.3.0/avr25\libgcc.a(_clear_bss.o)
                0x0000029a                . = ALIGN (0x2)
 *(.text.*)
 .text.libgcc   0x0000029a       0x24 c:/winavr/bin/../lib/gcc/avr/4.3.0/avr25\libgcc.a(_mulhi3.o)
                0x0000029a                __mulhi3
 .text.libgcc   0x000002be        0x0 c:/winavr/bin/../lib/gcc/avr/4.3.0/avr25\libgcc.a(_exit.o)
 .text.libgcc   0x000002be        0x0 c:/winavr/bin/../lib/gcc/avr/4.3.0/avr25\libgcc.a(_copy_data.o)
 .text.libgcc   0x000002be        0x0 c:/winavr/bin/../lib/gcc/avr/4.3.0/avr25\libgcc.a(_clear_bss.o)
                0x000002be                . = ALIGN (0x2)
 *(.fini9)
 .fini9         0x000002be        0x0 c:/winavr/bin/../lib/gcc/avr/4.3.0/avr25\libgcc.a(_exit.o)
                0x000002be                exit
                0x000002be                _exit
 *(.fini9)
 *(.fini8)
 *(.fini8)
 *(.fini7)
 *(.fini7)
 *(.fini6)
 *(.fini6)
 *(.fini5)
 *(.fini5)
 *(.fini4)
 *(.fini4)
 *(.fini3)
 *(.fini3)
 *(.fini2)
 *(.fini2)
 *(.fini1)
 *(.fini1)
 *(.fini0)
 .fini0         0x000002be        0x4 c:/winavr/bin/../lib/gcc/avr/4.3.0/avr25\libgcc.a(_exit.o)
 *(.fini0)
                0x000002c2                _etext = .

.data           0x00800060       0x58 load address 0x000002c2
                0x00800060                PROVIDE (__data_start, .)
 *(.data)
 .data          0x00800060        0x0 c:/winavr/bin/../lib/gcc/avr/4.3.0/../../../../avr/lib/avr25/crttn25.o
 .data          0x00800060       0x57 TVremote.o
                0x008000b5                codeSetList
                0x00800060                apex
 .data          0x008000b7        0x0 c:/winavr/bin/../lib/gcc/avr/4.3.0/avr25\libgcc.a(_mulhi3.o)
 .data          0x008000b7        0x0 c:/winavr/bin/../lib/gcc/avr/4.3.0/avr25\libgcc.a(_exit.o)
 .data          0x008000b7        0x0 c:/winavr/bin/../lib/gcc/avr/4.3.0/avr25\libgcc.a(_copy_data.o)
 .data          0x008000b7        0x0 c:/winavr/bin/../lib/gcc/avr/4.3.0/avr25\libgcc.a(_clear_bss.o)
 *(.data*)
 *(.rodata)
 *(.rodata*)
 *(.gnu.linkonce.d*)
                0x008000b8                . = ALIGN (0x2)
 *fill*         0x008000b7        0x1 00
                0x008000b8                _edata = .
                0x008000b8                PROVIDE (__data_end, .)

.bss            0x008000b8        0x0 load address 0x0000031a
                0x008000b8                PROVIDE (__bss_start, .)
 *(.bss)
 .bss           0x008000b8        0x0 c:/winavr/bin/../lib/gcc/avr/4.3.0/../../../../avr/lib/avr25/crttn25.o
 .bss           0x008000b8        0x0 TVremote.o
 .bss           0x008000b8        0x0 c:/winavr/bin/../lib/gcc/avr/4.3.0/avr25\libgcc.a(_mulhi3.o)
 .bss           0x008000b8        0x0 c:/winavr/bin/../lib/gcc/avr/4.3.0/avr25\libgcc.a(_exit.o)
 .bss           0x008000b8        0x0 c:/winavr/bin/../lib/gcc/avr/4.3.0/avr25\libgcc.a(_copy_data.o)
 .bss           0x008000b8        0x0 c:/winavr/bin/../lib/gcc/avr/4.3.0/avr25\libgcc.a(_clear_bss.o)
 *(.bss*)
 *(COMMON)
                0x008000b8                PROVIDE (__bss_end, .)
                0x000002c2                __data_load_start = LOADADDR (.data)
                0x0000031a                __data_load_end = (__data_load_start + SIZEOF (.data))

.noinit         0x008000b8        0x0
                0x008000b8                PROVIDE (__noinit_start, .)
 *(.noinit*)
                0x008000b8                PROVIDE (__noinit_end, .)
                0x008000b8                _end = .
                0x008000b8                PROVIDE (__heap_start, .)

.eeprom         0x00810000        0x0
 *(.eeprom*)
                0x00810000                __eeprom_end = .

.fuse
 *(.fuse)
 *(.lfuse)
 *(.hfuse)
 *(.efuse)

.lock
 *(.lock*)

.signature
 *(.signature*)

.stab
 *(.stab)

.stabstr
 *(.stabstr)

.stab.excl
 *(.stab.excl)

.stab.exclstr
 *(.stab.exclstr)

.stab.index
 *(.stab.index)

.stab.indexstr
 *(.stab.indexstr)

.comment
 *(.comment)

.debug
 *(.debug)

.line
 *(.line)

.debug_srcinfo
 *(.debug_srcinfo)

.debug_sfnames
 *(.debug_sfnames)

.debug_aranges  0x00000000       0x20
 *(.debug_aranges)
 .debug_aranges
                0x00000000       0x20 TVremote.o

.debug_pubnames
                0x00000000       0x88
 *(.debug_pubnames)
 .debug_pubnames
                0x00000000       0x88 TVremote.o

.debug_info     0x00000000      0x4cf
 *(.debug_info)
 .debug_info    0x00000000      0x4cf TVremote.o
 *(.gnu.linkonce.wi.*)

.debug_abbrev   0x00000000      0x240
 *(.debug_abbrev)
 .debug_abbrev  0x00000000      0x240 TVremote.o

.debug_line     0x00000000      0x2f4
 *(.debug_line)
 .debug_line    0x00000000      0x2f4 TVremote.o

.debug_frame    0x00000000       0x90
 *(.debug_frame)
 .debug_frame   0x00000000       0x90 TVremote.o

.debug_str      0x00000000      0x167
 *(.debug_str)
 .debug_str     0x00000000      0x167 TVremote.o
                                0x19b (size before relaxing)

.debug_loc      0x00000000      0x15d
 *(.debug_loc)
 .debug_loc     0x00000000      0x15d TVremote.o

.debug_macinfo
 *(.debug_macinfo)
OUTPUT(TVremote.elf elf32-avr)
LOAD linker stubs

.debug_ranges   0x00000000       0x30
 .debug_ranges  0x00000000       0x30 TVremote.o
