Archive member included because of file (symbol)

c:/winavr/bin/../lib/gcc/avr/4.3.0/avr5\libgcc.a(_exit.o)
                              c:/winavr/bin/../lib/gcc/avr/4.3.0/../../../../avr/lib/avr5/crtm168.o (exit)
c:/winavr/bin/../lib/gcc/avr/4.3.0/avr5\libgcc.a(_copy_data.o)
                              WiiEncryptor.o (__do_copy_data)
c:/winavr/bin/../lib/gcc/avr/4.3.0/avr5\libgcc.a(_clear_bss.o)
                              WiiEncryptor.o (__do_clear_bss)
c:/winavr/bin/../lib/gcc/avr/4.3.0/../../../../avr/lib/avr5\libc.a(memcmp.o)
                              WiiEncryptor.o (memcmp)

Allocating common symbols
Common symbol       size              file

k                   0x10              WiiEncryptor.o
d                   0x10              WiiEncryptor.o
bufferIndex         0x2               WiiEncryptor.o
TWIBuffer           0x320             WiiEncryptor.o
tempByte            0x1               WiiEncryptor.o
inBuffer            0x10              WiiEncryptor.o

Memory Configuration

Name             Origin             Length             Attributes
text             0x00000000         0x00020000         xr
data             0x00800060         0x0000ffa0         rw !x
eeprom           0x00810000         0x00010000         rw !x
fuse             0x00820000         0x00000400         rw !x
lock             0x00830000         0x00000400         rw !x
signature        0x00840000         0x00000400         rw !x
*default*        0x00000000         0xffffffff

Linker script and memory map

Address of section .data set to 0x800100
LOAD c:/winavr/bin/../lib/gcc/avr/4.3.0/../../../../avr/lib/avr5/crtm168.o
LOAD WiiEncryptor.o
LOAD c:/winavr/bin/../lib/gcc/avr/4.3.0/avr5\libgcc.a
LOAD c:/winavr/bin/../lib/gcc/avr/4.3.0/../../../../avr/lib/avr5\libc.a
LOAD c:/winavr/bin/../lib/gcc/avr/4.3.0/avr5\libgcc.a

.hash
 *(.hash)

.dynsym
 *(.dynsym)

.dynstr
 *(.dynstr)

.gnu.version
 *(.gnu.version)

.gnu.version_d
 *(.gnu.version_d)

.gnu.version_r
 *(.gnu.version_r)

.rel.init
 *(.rel.init)

.rela.init
 *(.rela.init)

.rel.text
 *(.rel.text)
 *(.rel.text.*)
 *(.rel.gnu.linkonce.t*)

.rela.text
 *(.rela.text)
 *(.rela.text.*)
 *(.rela.gnu.linkonce.t*)

.rel.fini
 *(.rel.fini)

.rela.fini
 *(.rela.fini)

.rel.rodata
 *(.rel.rodata)
 *(.rel.rodata.*)
 *(.rel.gnu.linkonce.r*)

.rela.rodata
 *(.rela.rodata)
 *(.rela.rodata.*)
 *(.rela.gnu.linkonce.r*)

.rel.data
 *(.rel.data)
 *(.rel.data.*)
 *(.rel.gnu.linkonce.d*)

.rela.data
 *(.rela.data)
 *(.rela.data.*)
 *(.rela.gnu.linkonce.d*)

.rel.ctors
 *(.rel.ctors)

.rela.ctors
 *(.rela.ctors)

.rel.dtors
 *(.rel.dtors)

.rela.dtors
 *(.rela.dtors)

.rel.got
 *(.rel.got)

.rela.got
 *(.rela.got)

.rel.bss
 *(.rel.bss)

.rela.bss
 *(.rela.bss)

.rel.plt
 *(.rel.plt)

.rela.plt
 *(.rela.plt)

.text           0x00000000     0x100a
 *(.vectors)
 .vectors       0x00000000       0x68 c:/winavr/bin/../lib/gcc/avr/4.3.0/../../../../avr/lib/avr5/crtm168.o
                0x00000000                __vectors
                0x00000000                __vector_default
 *(.vectors)
 *(.progmem.gcc*)
 *(.progmem*)
 .progmem.data  0x00000068      0x930 WiiEncryptor.o
                0x00000098                tsbox
                0x00000068                ans_tbl
                0x00000198                sboxes
                0x00000998                . = ALIGN (0x2)
                0x00000998                __trampolines_start = .
 *(.trampolines)
 .trampolines   0x00000998        0x0 linker stubs
 *(.trampolines*)
                0x00000998                __trampolines_end = .
 *(.jumptables)
 *(.jumptables*)
 *(.lowtext)
 *(.lowtext*)
                0x00000998                __ctors_start = .
 *(.ctors)
                0x00000998                __ctors_end = .
                0x00000998                __dtors_start = .
 *(.dtors)
                0x00000998                __dtors_end = .
 SORT(*)(.ctors)
 SORT(*)(.dtors)
 *(.init0)
 .init0         0x00000998        0x0 c:/winavr/bin/../lib/gcc/avr/4.3.0/../../../../avr/lib/avr5/crtm168.o
                0x00000998                __init
 *(.init0)
 *(.init1)
 *(.init1)
 *(.init2)
 .init2         0x00000998        0xc c:/winavr/bin/../lib/gcc/avr/4.3.0/../../../../avr/lib/avr5/crtm168.o
 *(.init2)
 *(.init3)
 *(.init3)
 *(.init4)
 .init4         0x000009a4       0x16 c:/winavr/bin/../lib/gcc/avr/4.3.0/avr5\libgcc.a(_copy_data.o)
                0x000009a4                __do_copy_data
 .init4         0x000009ba       0x10 c:/winavr/bin/../lib/gcc/avr/4.3.0/avr5\libgcc.a(_clear_bss.o)
                0x000009ba                __do_clear_bss
 *(.init4)
 *(.init5)
 *(.init5)
 *(.init6)
 *(.init6)
 *(.init7)
 *(.init7)
 *(.init8)
 *(.init8)
 *(.init9)
 .init9         0x000009ca        0x8 c:/winavr/bin/../lib/gcc/avr/4.3.0/../../../../avr/lib/avr5/crtm168.o
 *(.init9)
 *(.text)
 .text          0x000009d2        0x4 c:/winavr/bin/../lib/gcc/avr/4.3.0/../../../../avr/lib/avr5/crtm168.o
                0x000009d2                __vector_22
                0x000009d2                __vector_1
                0x000009d2                __vector_12
                0x000009d2                __bad_interrupt
                0x000009d2                __vector_6
                0x000009d2                __vector_3
                0x000009d2                __vector_23
                0x000009d2                __vector_25
                0x000009d2                __vector_11
                0x000009d2                __vector_13
                0x000009d2                __vector_17
                0x000009d2                __vector_19
                0x000009d2                __vector_7
                0x000009d2                __vector_5
                0x000009d2                __vector_4
                0x000009d2                __vector_9
                0x000009d2                __vector_2
                0x000009d2                __vector_21
                0x000009d2                __vector_15
                0x000009d2                __vector_8
                0x000009d2                __vector_14
                0x000009d2                __vector_10
                0x000009d2                __vector_16
                0x000009d2                __vector_18
                0x000009d2                __vector_20
 .text          0x000009d6      0x616 WiiEncryptor.o
                0x00000d88                __vector_24
                0x00000bd8                gen_ft_sb
                0x000009e6                genkey
                0x00000ec8                main
                0x00000e7a                setup
                0x00000d26                wiimote_encrypt
                0x00000efe                wiimote_gen_key
                0x000009d6                serTx
                0x00000c06                gentabs
 .text          0x00000fec        0x0 c:/winavr/bin/../lib/gcc/avr/4.3.0/avr5\libgcc.a(_exit.o)
 .text          0x00000fec        0x0 c:/winavr/bin/../lib/gcc/avr/4.3.0/avr5\libgcc.a(_copy_data.o)
 .text          0x00000fec        0x0 c:/winavr/bin/../lib/gcc/avr/4.3.0/avr5\libgcc.a(_clear_bss.o)
 .text          0x00000fec       0x1a c:/winavr/bin/../lib/gcc/avr/4.3.0/../../../../avr/lib/avr5\libc.a(memcmp.o)
                0x00000fec                memcmp
                0x00001006                . = ALIGN (0x2)
 *(.text.*)
 .text.libgcc   0x00001006        0x0 c:/winavr/bin/../lib/gcc/avr/4.3.0/avr5\libgcc.a(_exit.o)
 .text.libgcc   0x00001006        0x0 c:/winavr/bin/../lib/gcc/avr/4.3.0/avr5\libgcc.a(_copy_data.o)
 .text.libgcc   0x00001006        0x0 c:/winavr/bin/../lib/gcc/avr/4.3.0/avr5\libgcc.a(_clear_bss.o)
                0x00001006                . = ALIGN (0x2)
 *(.fini9)
 .fini9         0x00001006        0x0 c:/winavr/bin/../lib/gcc/avr/4.3.0/avr5\libgcc.a(_exit.o)
                0x00001006                exit
                0x00001006                _exit
 *(.fini9)
 *(.fini8)
 *(.fini8)
 *(.fini7)
 *(.fini7)
 *(.fini6)
 *(.fini6)
 *(.fini5)
 *(.fini5)
 *(.fini4)
 *(.fini4)
 *(.fini3)
 *(.fini3)
 *(.fini2)
 *(.fini2)
 *(.fini1)
 *(.fini1)
 *(.fini0)
 .fini0         0x00001006        0x4 c:/winavr/bin/../lib/gcc/avr/4.3.0/avr5\libgcc.a(_exit.o)
 *(.fini0)
                0x0000100a                _etext = .

.data           0x00800100       0x30 load address 0x0000100a
                0x00800100                PROVIDE (__data_start, .)
 *(.data)
 .data          0x00800100        0x0 c:/winavr/bin/../lib/gcc/avr/4.3.0/../../../../avr/lib/avr5/crtm168.o
 .data          0x00800100       0x30 WiiEncryptor.o
                0x00800100                outBuffer
 .data          0x00800130        0x0 c:/winavr/bin/../lib/gcc/avr/4.3.0/avr5\libgcc.a(_exit.o)
 .data          0x00800130        0x0 c:/winavr/bin/../lib/gcc/avr/4.3.0/avr5\libgcc.a(_copy_data.o)
 .data          0x00800130        0x0 c:/winavr/bin/../lib/gcc/avr/4.3.0/avr5\libgcc.a(_clear_bss.o)
 .data          0x00800130        0x0 c:/winavr/bin/../lib/gcc/avr/4.3.0/../../../../avr/lib/avr5\libc.a(memcmp.o)
 *(.data*)
 *(.rodata)
 *(.rodata*)
 *(.gnu.linkonce.d*)
                0x00800130                . = ALIGN (0x2)
                0x00800130                _edata = .
                0x00800130                PROVIDE (__data_end, .)

.bss            0x00800130      0x35e load address 0x0000103a
                0x00800130                PROVIDE (__bss_start, .)
 *(.bss)
 .bss           0x00800130        0x0 c:/winavr/bin/../lib/gcc/avr/4.3.0/../../../../avr/lib/avr5/crtm168.o
 .bss           0x00800130        0xb WiiEncryptor.o
                0x00800138                newData
                0x00800132                address
                0x00800135                mode
                0x00800137                count
                0x00800134                nextOut
                0x00800130                maxBuf
                0x00800139                bufferMax
 .bss           0x0080013b        0x0 c:/winavr/bin/../lib/gcc/avr/4.3.0/avr5\libgcc.a(_exit.o)
 .bss           0x0080013b        0x0 c:/winavr/bin/../lib/gcc/avr/4.3.0/avr5\libgcc.a(_copy_data.o)
 .bss           0x0080013b        0x0 c:/winavr/bin/../lib/gcc/avr/4.3.0/avr5\libgcc.a(_clear_bss.o)
 .bss           0x0080013b        0x0 c:/winavr/bin/../lib/gcc/avr/4.3.0/../../../../avr/lib/avr5\libc.a(memcmp.o)
 *(.bss*)
 *(COMMON)
 COMMON         0x0080013b      0x353 WiiEncryptor.o
                0x0080013b                k
                0x0080014b                d
                0x0080015b                bufferIndex
                0x0080015d                TWIBuffer
                0x0080047d                tempByte
                0x0080047e                inBuffer
                0x0080048e                PROVIDE (__bss_end, .)
                0x0000100a                __data_load_start = LOADADDR (.data)
                0x0000103a                __data_load_end = (__data_load_start + SIZEOF (.data))

.noinit         0x0080048e        0x0
                0x0080048e                PROVIDE (__noinit_start, .)
 *(.noinit*)
                0x0080048e                PROVIDE (__noinit_end, .)
                0x0080048e                _end = .
                0x0080048e                PROVIDE (__heap_start, .)

.eeprom         0x00810000        0x0
 *(.eeprom*)
                0x00810000                __eeprom_end = .

.fuse
 *(.fuse)
 *(.lfuse)
 *(.hfuse)
 *(.efuse)

.lock
 *(.lock*)

.signature
 *(.signature*)

.stab
 *(.stab)

.stabstr
 *(.stabstr)

.stab.excl
 *(.stab.excl)

.stab.exclstr
 *(.stab.exclstr)

.stab.index
 *(.stab.index)

.stab.indexstr
 *(.stab.indexstr)

.comment
 *(.comment)

.debug
 *(.debug)

.line
 *(.line)

.debug_srcinfo
 *(.debug_srcinfo)

.debug_sfnames
 *(.debug_sfnames)

.debug_aranges  0x00000000       0x20
 *(.debug_aranges)
 .debug_aranges
                0x00000000       0x20 WiiEncryptor.o

.debug_pubnames
                0x00000000      0x14f
 *(.debug_pubnames)
 .debug_pubnames
                0x00000000      0x14f WiiEncryptor.o

.debug_info     0x00000000      0x6df
 *(.debug_info)
 .debug_info    0x00000000      0x6df WiiEncryptor.o
 *(.gnu.linkonce.wi.*)

.debug_abbrev   0x00000000      0x235
 *(.debug_abbrev)
 .debug_abbrev  0x00000000      0x235 WiiEncryptor.o

.debug_line     0x00000000      0x3d4
 *(.debug_line)
 .debug_line    0x00000000      0x3d4 WiiEncryptor.o

.debug_frame    0x00000000       0xa0
 *(.debug_frame)
 .debug_frame   0x00000000       0xa0 WiiEncryptor.o

.debug_str      0x00000000      0x1bd
 *(.debug_str)
 .debug_str     0x00000000      0x1bd WiiEncryptor.o
                                0x1fb (size before relaxing)

.debug_loc      0x00000000      0x30c
 *(.debug_loc)
 .debug_loc     0x00000000      0x30c WiiEncryptor.o

.debug_macinfo
 *(.debug_macinfo)
OUTPUT(WiiEncryptor.elf elf32-avr)
LOAD linker stubs
